     1                                 %line 1+1 BasicProgramLayout.s
     2                                 
     3                                 
     4                                 
     5                                 
     6                                 
     7                                 [section .data]
     8                                 
     9                                 
    10                                 EXIT_SUCCESS equ 0
    11                                 SYS_exit equ 60
    12                                 LIMIT equ 30
    13                                 
    14                                 
    15                                 
    16                                 
    17                                 
    18 00000000 11                     bVar1 db 17
    19 00000001 09                     bVar2 db 9
    20 00000002 00                     bResult db 0
    21                                 
    22                                 
    23                                 
    24                                 
    25 00000003 6842                   wVar1 dw 17000
    26 00000005 2823                   wVar2 dw 9000
    27 00000007 0000                   wResult dw 0
    28                                 
    29                                 
    30                                 
    31                                 
    32 00000009 40660301               dVar1 dd 17000000
    33 0000000D 40548900               dVar2 dd 9000000
    34 00000011 00000000               dResult dd 0
    35                                 
    36                                 
    37                                 
    38                                 
    39 00000015 00F1536500000000       qVar1 dq 1700000000
    40 0000001D 00E9A43500000000       qVar2 dq 900000000
    41 00000025 0000000000000000       qResult dq 0
    42                                 
    43                                 
    44                                 
    45                                 
    46                                 
    47                                 _personA:
    48 0000002D 19                     db 25
    49 0000002E 78                     db 120
    50                                 
    51                                 _personB:
    52 0000002F 1E                     db 30
    53 00000030 78                     db 120
    54                                 
    55                                 
    56                                 
    57                                 
    58                                 
    59                                 [section .text]
    60                                 [global _start]
    61                                 
    62                                 
    63                                 
    64                                 _start:
    65                                 
    66                                 
    67                                 
    68                                 
    69 00000000 8A0425[00000000]       mov al, byte [bVar1]
    70 00000007 020425[00000000]       add al, byte [bVar2]
    71 0000000E 880425[00000000]       mov byte [bResult], al
    72 00000015 6650                   push ax
    73 00000017 E84A000000             call _stackInspect
    74                                 
    75                                 
    76                                 
    77                                 
    78 0000001C 668B0425[00000000]     mov ax, word [wVar1]
    79 00000024 66030425[00000000]     add ax, word [wVar2]
    80 0000002C 66890425[00000000]     mov word [wResult], ax
    81                                 
    82                                 
    83                                 
    84 00000034 8B0425[00000000]       mov eax, dword [dVar1]
    85 0000003B 030425[00000000]       add eax, dword [dVar2]
    86 00000042 890425[00000000]       mov dword [wResult], eax
    87                                 
    88                                 
    89                                 
    90 00000049 488B0425[00000000]     mov rax, qword [qVar1]
    91 00000051 48030425[00000000]     add rax, qword [qVar2]
    92 00000059 48890425[00000000]     mov qword [qResult], rax
    93 00000061 68[00000000]           push _personA
    94 00000066 E801000000             call _personInspect
    95                                 
    96                                 
    97                                 
    98                                 _stackInspect:
    99 0000006B 488B542408             mov rdx, qword [rsp + 8]
   100 00000070 C3                     ret
   101                                 
   102                                 
   103                                 _personInspect:
   104 00000071 8A442409               mov al, byte [rsp + 9]
   105 00000075 E8FBFFFFFF             call exit
   106                                 
   107                                 
   108                                 
   109                                 
   110                                 exit:
   111 0000007A 48C7C03C000000         mov rax, SYS_exit
   112 00000081 48C7C700000000         mov rdi, EXIT_SUCCESS
   113 00000088 0F05                   syscall
   114                                 
   115                                 
