     1                                 %line 1+1 Conversions.s
     2                                 
     3                                 
     4                                 
     5                                 
     6                                 
     7                                 EXIT_SUCCESS equ 0
     8                                 SYS_EXIT equ 60
     9                                 
    10                                 [section .data]
    11 00000000 32                     bVar1 db 50
    12 00000001 FF                     bVar2 db -1
    13                                 
    14                                 [section .text]
    15                                 [global _start]
    16                                 
    17                                 _start:
    18 00000000 EBFE                    jmp zeroExtendedManualUWC
    19                                 
    20                                 
    21                                 
    22                                 zeroExtendedManualUWC:
    23 00000002 8A0425[00000000]        mov al, byte [bVar1]
    24 00000009 48C7C300000000          mov rbx, 0
    25 00000010 88C3                    mov bl, al
    26                                 
    27                                 
    28                                 movzxUWC:
    29 00000012 48C7C1FFFFFFFF          mov rcx, -1
    30 00000019 480FB6C8                movzx rcx, al
    31                                 
    32                                 
    33                                 movsxdSWC:
    34 0000001D B9FFFFFFFF              mov ecx, -1
    35 00000022 4863C1                  movsxd rax, ecx
    36                                 
    37                                 
    38                                 signedCwdConversion:
    39 00000025 B0FF                    mov al, -1
    40 00000027 6699                    cwd
    41                                 
    42                                 
    43                                 unsignedCwdConversion:
    44 00000029 48C7C000000000          mov rax, 0
    45 00000030 B00A                    mov al, 10
    46 00000032 6699                    cwd
    47                                 
    48                                 
    49                                 
    50                                 
    51                                 
    52                                 garbage:
    53 00000034 48C7C2FFFFFFFF          mov rdx, -1
    54 0000003B 88C2                    mov dl, al
    55                                 
    56                                 exit:
    57 0000003D 48C7C03C000000          mov rax, SYS_EXIT
    58 00000044 48C7C700000000          mov rdi, EXIT_SUCCESS
    59 0000004B 0F05                    syscall
